###############################################################################
#
# IAR ELF Linker V7.70.1.11437/W32 for ARM                23/Feb/2017  14:42:01
# Copyright 2007-2016 IAR Systems AB.
#
#    Output file  =  
#        D:\十一届\信标程序\总决赛\My boy_A
#        Blue\build\Kinetis_K60\Debug\Exe\fire_gpio_demo.out
#    Map file     =  
#        D:\十一届\信标程序\总决赛\My boy_A
#        Blue\build\Kinetis_K60\Debug\List\fire_gpio_demo.map
#    Command line =  
#        "D:\十一届\信标程序\总决赛\My boy_A
#        Blue\build\Kinetis_K60\Debug\Obj\adc.o" "D:\十一届\信标程序\总决赛\My
#        boy_A Blue\build\Kinetis_K60\Debug\Obj\alloc.o"
#        "D:\十一届\信标程序\总决赛\My boy_A
#        Blue\build\Kinetis_K60\Debug\Obj\arm_cm4.o"
#        "D:\十一届\信标程序\总决赛\My boy_A
#        Blue\build\Kinetis_K60\Debug\Obj\assert.o"
#        "D:\十一届\信标程序\总决赛\My boy_A
#        Blue\build\Kinetis_K60\Debug\Obj\bootloader.o"
#        "D:\十一届\信标程序\总决赛\My boy_A
#        Blue\build\Kinetis_K60\Debug\Obj\crt0.o" "D:\十一届\信标程序\总决赛\My
#        boy_A Blue\build\Kinetis_K60\Debug\Obj\ctrl.o"
#        "D:\十一届\信标程序\总决赛\My boy_A
#        Blue\build\Kinetis_K60\Debug\Obj\dac.o" "D:\十一届\信标程序\总决赛\My
#        boy_A Blue\build\Kinetis_K60\Debug\Obj\delay.o"
#        "D:\十一届\信标程序\总决赛\My boy_A
#        Blue\build\Kinetis_K60\Debug\Obj\diskio.o"
#        "D:\十一届\信标程序\总决赛\My boy_A
#        Blue\build\Kinetis_K60\Debug\Obj\dma.o" "D:\十一届\信标程序\总决赛\My
#        boy_A Blue\build\Kinetis_K60\Debug\Obj\exti.o"
#        "D:\十一届\信标程序\总决赛\My boy_A
#        Blue\build\Kinetis_K60\Debug\Obj\ff.o" "D:\十一届\信标程序\总决赛\My
#        boy_A Blue\build\Kinetis_K60\Debug\Obj\flash.o"
#        "D:\十一届\信标程序\总决赛\My boy_A
#        Blue\build\Kinetis_K60\Debug\Obj\flash_cfg.o"
#        "D:\十一届\信标程序\总决赛\My boy_A
#        Blue\build\Kinetis_K60\Debug\Obj\FlashCommandSequence.o"
#        "D:\十一届\信标程序\总决赛\My boy_A
#        Blue\build\Kinetis_K60\Debug\Obj\FlashEraseSector.o"
#        "D:\十一届\信标程序\总决赛\My boy_A
#        Blue\build\Kinetis_K60\Debug\Obj\FlashProgramPhrase.o"
#        "D:\十一届\信标程序\总决赛\My boy_A
#        Blue\build\Kinetis_K60\Debug\Obj\FlashVerifySection.o"
#        "D:\十一届\信标程序\总决赛\My boy_A
#        Blue\build\Kinetis_K60\Debug\Obj\FTM.o" "D:\十一届\信标程序\总决赛\My
#        boy_A Blue\build\Kinetis_K60\Debug\Obj\fun.o"
#        "D:\十一届\信标程序\总决赛\My boy_A
#        Blue\build\Kinetis_K60\Debug\Obj\fuzzy.o"
#        "D:\十一届\信标程序\总决赛\My boy_A
#        Blue\build\Kinetis_K60\Debug\Obj\getinfor.o"
#        "D:\十一届\信标程序\总决赛\My boy_A
#        Blue\build\Kinetis_K60\Debug\Obj\gpio.o" "D:\十一届\信标程序\总决赛\My
#        boy_A Blue\build\Kinetis_K60\Debug\Obj\I2C.o"
#        "D:\十一届\信标程序\总决赛\My boy_A
#        Blue\src\LIB\CMSIS\iar_cortexM4l_math.a" "D:\十一届\信标程序\总决赛\My
#        boy_A Blue\build\Kinetis_K60\Debug\Obj\init.o"
#        "D:\十一届\信标程序\总决赛\My boy_A
#        Blue\build\Kinetis_K60\Debug\Obj\io.o" "D:\十一届\信标程序\总决赛\My
#        boy_A Blue\build\Kinetis_K60\Debug\Obj\isr.o"
#        "D:\十一届\信标程序\总决赛\My boy_A
#        Blue\build\Kinetis_K60\Debug\Obj\keyboard.o"
#        "D:\十一届\信标程序\总决赛\My boy_A
#        Blue\build\Kinetis_K60\Debug\Obj\lptmr.o"
#        "D:\十一届\信标程序\总决赛\My boy_A
#        Blue\build\Kinetis_K60\Debug\Obj\main.o" "D:\十一届\信标程序\总决赛\My
#        boy_A Blue\build\Kinetis_K60\Debug\Obj\mcg.o"
#        "D:\十一届\信标程序\总决赛\My boy_A
#        Blue\build\Kinetis_K60\Debug\Obj\memtest.o"
#        "D:\十一届\信标程序\总决赛\My boy_A
#        Blue\build\Kinetis_K60\Debug\Obj\Oled.o" "D:\十一届\信标程序\总决赛\My
#        boy_A Blue\build\Kinetis_K60\Debug\Obj\PIT.o"
#        "D:\十一届\信标程序\总决赛\My boy_A
#        Blue\build\Kinetis_K60\Debug\Obj\printf.o"
#        "D:\十一届\信标程序\总决赛\My boy_A
#        Blue\build\Kinetis_K60\Debug\Obj\queue.o"
#        "D:\十一届\信标程序\总决赛\My boy_A
#        Blue\build\Kinetis_K60\Debug\Obj\rtc.o" "D:\十一届\信标程序\总决赛\My
#        boy_A Blue\build\Kinetis_K60\Debug\Obj\sdhc.o"
#        "D:\十一届\信标程序\总决赛\My boy_A
#        Blue\build\Kinetis_K60\Debug\Obj\spi.o" "D:\十一届\信标程序\总决赛\My
#        boy_A Blue\build\Kinetis_K60\Debug\Obj\start.o"
#        "D:\十一届\信标程序\总决赛\My boy_A
#        Blue\build\Kinetis_K60\Debug\Obj\startup.o"
#        "D:\十一届\信标程序\总决赛\My boy_A
#        Blue\build\Kinetis_K60\Debug\Obj\stdlib.o"
#        "D:\十一届\信标程序\总决赛\My boy_A
#        Blue\build\Kinetis_K60\Debug\Obj\sysinit.o"
#        "D:\十一届\信标程序\总决赛\My boy_A
#        Blue\build\Kinetis_K60\Debug\Obj\TFT.o" "D:\十一届\信标程序\总决赛\My
#        boy_A Blue\build\Kinetis_K60\Debug\Obj\uart.o"
#        "D:\十一届\信标程序\总决赛\My boy_A
#        Blue\build\Kinetis_K60\Debug\Obj\uif.o" "D:\十一届\信标程序\总决赛\My
#        boy_A Blue\build\Kinetis_K60\Debug\Obj\vectors.o"
#        "D:\十一届\信标程序\总决赛\My boy_A
#        Blue\build\Kinetis_K60\Debug\Obj\w25x16.o"
#        "D:\十一届\信标程序\总决赛\My boy_A
#        Blue\build\Kinetis_K60\Debug\Obj\wdog.o" -o
#        "D:\十一届\信标程序\总决赛\My boy_A
#        Blue\build\Kinetis_K60\Debug\Exe\fire_gpio_demo.out" --map
#        "D:\十一届\信标程序\总决赛\My boy_A
#        Blue\build\Kinetis_K60\Debug\List\fire_gpio_demo.map" --config
#        "D:\十一届\信标程序\总决赛\My boy_A Blue\build\Kinetis_K60\..\config
#        files\fire_ROM_K60N512.icf" --semihosting --entry __iar_program_start
#        --vfe
#
###############################################################################

*******************************************************************************
*** MESSAGES
***

Error[Li005]: no definition for "MPU_Get_Acc_Z" [referenced from
          D:\十一届\信标程序\总决赛\My boy_A
          Blue\build\Kinetis_K60\Debug\Obj\main.o]


*******************************************************************************
*** RUNTIME MODEL ATTRIBUTES
***

CppFlavor       = *
__SystemLibrary = DLib


*******************************************************************************
*** PLACEMENT SUMMARY
***

"A0":  place at 0x00000000 { ro section .intvec };
"A1":  place at 0x00000410 { ro section .noinit };
"P1":  place in [from 0x00000000 to 0x00040000] { ro, block CodeRelocate };
"P2":  place in [from 0x1fff0410 to 0x20010000] {
          rw, block CodeRelocateRam, block CSTACK, block HEAP };
initialize manually with packing = copy, complex ranges { rw };
initialize manually with packing = copy, complex ranges { section .data };
initialize manually with packing = copy, complex ranges { section .textrw };

  Section              Kind        Address     Size  Object
  -------              ----        -------     ----  ------
"A0":                                         0x410
  .intvec              const    0x00000000    0x410  vectors.o [1]
                              - 0x00000410    0x410

"A1":                                          0x3c
  .noinit              ro code  0x00000410     0x3c  crt0.o [1]
                              - 0x0000044c     0x3c

"P1":                                       0x11b34
  Veneer               ro code  0x0000044c      0x8  - Linker created -
  Veneer               ro code  0x00000454      0x8  - Linker created -
  .text                ro code  0x0000045c   0x3594  Oled.o [1]
  .text                ro code  0x000039f0     0xe8  gpio.o [1]
  .text                ro code  0x00003ad8      0x6  ABImemclr4.o [5]
  .text                ro code  0x00003ade      0x2  vectors.o [1]
  .text                ro code  0x00003ae0     0x44  FltToS32.o [4]
  .text                ro code  0x00003b24     0xd8  FltMul.o [4]
  .text                ro code  0x00003bfc     0x26  keyboard.o [1]
  .text                ro code  0x00003c24    0x16c  arm_cm4.o [1]
  .text                ro code  0x00003d90     0x2e  I32ToFlt.o [4]
  .text                ro code  0x00003dc0     0x24  delay.o [1]
  .text                ro code  0x00003de4     0x18  assert.o [1]
  .text                ro code  0x00003dfc     0x32  ABImemset48.o [5]
  .text                ro code  0x00003e30    0x564  printf.o [1]
  .text                ro code  0x00004394     0x20  stdlib.o [1]
  .text                ro code  0x000043b4   0x2c4c  getinfor.o [1]
  .text                ro code  0x00007000    0xc24  fun.o [1]
  .text                ro code  0x00007c24     0x30  I32ToDbl.o [4]
  .text                ro code  0x00007c54    0x1a2  DblMul.o [4]
  .text                ro code  0x00007df8     0x58  DblToI32.o [4]
  .text                ro code  0x00007e50     0x4e  FltToDbl.o [4]
  .text                ro code  0x00007ea0     0xe8  DblAdd.o [4]
  .text                ro code  0x00007f88     0x90  DblToFlt.o [4]
  .rodata              const    0x00008018     0x4c  assert.o [1]
  .text                ro code  0x00008068    0x848  pow.o [4]
  .text                ro code  0x000088b0    0x180  DblSub.o [4]
  .text                ro code  0x00008a30     0x24  FltCmpLe.o [4]
  .text                ro code  0x00008a54     0x24  FltCmpGe.o [4]
  .text                ro code  0x00008a78     0xe6  FltSub.o [4]
  .text                ro code  0x00008b60     0x84  FltAdd.o [4]
  .text                ro code  0x00008be4     0x56  ABImemcpy_unaligned.o [5]
  .text                ro code  0x00008c3c    0x244  dma.o [1]
  .text                ro code  0x00008e80     0xfc  FltDiv.o [4]
  .text                ro code  0x00008f7c     0x44  xdnorm.o [4]
  .text                ro code  0x00008fc0     0x7a  xdint.o [4]
  .text                ro code  0x0000903c     0x20  DblCmpEq.o [4]
  .text                ro code  0x0000905c      0xc  errno.o [3]
  .text                ro code  0x00009068     0x2e  DblCmpGe.o [4]
  .text                ro code  0x00009098     0x2e  DblCmpLe.o [4]
  .text                ro code  0x000090c8    0x256  DblDiv.o [4]
  .text                ro code  0x00009320     0xac  xlog.o [4]
  .text                ro code  0x000093cc    0x2bc  xexp.o [4]
  .text                ro code  0x00009688      0x2  xtls.o [3]
  .text                ro code  0x0000968a     0x32  xdtest.o [4]
  .text                ro code  0x000096bc    0x10c  xdscale.o [4]
  .text                ro code  0x000097c8   0x1434  ff.o [1]
  .text                ro code  0x0000abfc    0x648  diskio.o [1]
  .text                ro code  0x0000b244    0x850  sdhc.o [1]
  .text                ro code  0x0000ba94     0x44  lptmr.o [1]
  .text                ro code  0x0000bad8   0x105c  ctrl.o [1]
  .text                ro code  0x0000cb34    0x3e8  FTM.o [1]
  .text                ro code  0x0000cf1c     0x1c  FltCmpEq.o [4]
  .rodata              const    0x0000cf38    0xd5c  Oled.o [1]
  .text                ro code  0x0000dc94    0x968  fuzzy.o [1]
  .text                ro code  0x0000e5fc    0x674  isr.o [1]
  .text                ro code  0x0000ec70     0xb0  dac.o [1]
  .rodata              const    0x0000ed20    0x5f0  Oled.o [1]
  .text                ro code  0x0000f310    0x5b0  main.o [1]
  .text                ro code  0x0000f8c0    0x138  init.o [1]
  .text                ro code  0x0000f9f8    0x368  I2C.o [1]
  .text                ro code  0x0000fd60     0x70  exti.o [1]
  .text                ro code  0x0000fdd0    0x20c  uart.o [1]
  .text                ro code  0x0000ffdc    0x520  start.o [1]
  .text                ro code  0x000104fc     0x38  wdog.o [1]
  .text                ro code  0x00010534     0xc0  startup.o [1]
  .text                ro code  0x000105f4     0x80  sysinit.o [1]
  Veneer               ro code  0x00010674      0x8  - Linker created -
  .text                ro code  0x0001067c    0x2bc  mcg.o [1]
  .rodata              const    0x00010938    0x400  Oled.o [1]
  .rodata              const    0x00010d38    0x228  Oled.o [1]
  CodeRelocate                  0x00010f60    0x1a8  <Block>
    Initializer bytes  const    0x00010f60    0x1a8  <for CodeRelocateRam-1> (used: 0x0)
  .rodata              const    0x00011108    0x124  fuzzy.o [1]
  .rodata              const    0x0001122c    0x124  fuzzy.o [1]
  .rodata              const    0x00011350    0x124  fuzzy.o [1]
  .rodata              const    0x00011474    0x124  fuzzy.o [1]
  .rodata              const    0x00011598    0x100  sdhc.o [1]
  .data_init                    0x00011698     0xd4  <Block>
    Initializer bytes  const    0x00011698     0xd4  <for .data-1> (used: 0x0)
  .rodata              const    0x0001176c     0x48  start.o [1]
  .rodata              const    0x000117b4     0x44  flash.o [1]
  .rodata              const    0x000117f8     0x40  arm_cm4.o [1]
  .rodata              const    0x00011838     0x40  dac.o [1]
  .rodata              const    0x00011878     0x40  FTM.o [1]
  .rodata              const    0x000118b8     0x40  gpio.o [1]
  .rodata              const    0x000118f8     0x40  sdhc.o [1]
  .rodata              const    0x00011938     0x40  start.o [1]
  .text                ro code  0x00011978     0x40  zero_init3.o [5]
  .rodata              const    0x000119b8     0x3c  arm_cm4.o [1]
  .rodata              const    0x000119f4     0x3c  arm_cm4.o [1]
  .rodata              const    0x00011a30     0x38  arm_cm4.o [1]
  .rodata              const    0x00011a68     0x2c  start.o [1]
  .rodata              const    0x00011a94     0x28  start.o [1]
  .rodata              const    0x00011abc     0x28  start.o [1]
  .text                ro code  0x00011ae4     0x28  data_init.o [5]
  .iar.init_table      const    0x00011b0c     0x10  - Linker created -
  .rodata              const    0x00011b1c     0x20  start.o [1]
  .rodata              const    0x00011b3c     0x20  start.o [1]
  .rodata              const    0x00011b5c     0x20  start.o [1]
  .rodata              const    0x00011b7c     0x20  start.o [1]
  .rodata              const    0x00011b9c     0x20  start.o [1]
  .rodata              const    0x00011bbc     0x1c  start.o [1]
  .rodata              const    0x00011bd8     0x1c  start.o [1]
  .rodata              const    0x00011bf4     0x1c  start.o [1]
  .text                ro code  0x00011c10     0x1a  cmain.o [5]
  .text                ro code  0x00011c2a      0x4  low_level_init.o [3]
  .text                ro code  0x00011c2e      0x4  exit.o [3]
  .text                ro code  0x00011c34      0xa  cexit.o [5]
  .text                ro code  0x00011c40     0x14  exit.o [6]
  .rodata              const    0x00011c54     0x18  start.o [1]
  .rodata              const    0x00011c6c     0x18  start.o [1]
  .rodata              const    0x00011c84     0x18  start.o [1]
  .rodata              const    0x00011c9c     0x18  start.o [1]
  .rodata              const    0x00011cb4     0x18  start.o [1]
  .rodata              const    0x00011ccc     0x18  start.o [1]
  .rodata              const    0x00011ce4     0x18  start.o [1]
  .rodata              const    0x00011cfc     0x18  start.o [1]
  .rodata              const    0x00011d14     0x14  start.o [1]
  .rodata              const    0x00011d28     0x14  start.o [1]
  .rodata              const    0x00011d3c     0x14  start.o [1]
  .rodata              const    0x00011d50     0x14  start.o [1]
  .rodata              const    0x00011d64     0x14  start.o [1]
  .rodata              const    0x00011d78     0x14  start.o [1]
  .rodata              const    0x00011d8c     0x14  start.o [1]
  .rodata              const    0x00011da0     0x14  start.o [1]
  .rodata              const    0x00011db4     0x10  ff.o [1]
  .rodata              const    0x00011dc4     0x10  Oled.o [1]
  .rodata              const    0x00011dd4     0x10  Oled.o [1]
  .rodata              const    0x00011de4     0x10  Oled.o [1]
  .rodata              const    0x00011df4     0x10  Oled.o [1]
  .rodata              const    0x00011e04     0x10  start.o [1]
  .rodata              const    0x00011e14     0x10  start.o [1]
  .rodata              const    0x00011e24     0x10  start.o [1]
  .rodata              const    0x00011e34     0x10  start.o [1]
  .rodata              const    0x00011e44     0x10  start.o [1]
  .rodata              const    0x00011e54     0x10  start.o [1]
  .rodata              const    0x00011e64     0x10  start.o [1]
  .rodata              const    0x00011e74     0x10  start.o [1]
  .rodata              const    0x00011e84     0x10  start.o [1]
  .rodata              const    0x00011e94     0x10  start.o [1]
  .rodata              const    0x00011ea4     0x10  start.o [1]
  .rodata              const    0x00011eb4     0x10  start.o [1]
  .rodata              const    0x00011ec4     0x10  start.o [1]
  .text                ro code  0x00011ed4     0x10  io.o [1]
  .rodata              const    0x00011ee4      0xc  main.o [1]
  .rodata              const    0x00011ef0      0xc  start.o [1]
  .rodata              const    0x00011efc      0xc  start.o [1]
  .rodata              const    0x00011f08      0xc  start.o [1]
  .rodata              const    0x00011f14      0xc  start.o [1]
  .text                ro code  0x00011f20      0xc  cstartup_M.o [5]
  .rodata              const    0x00011f2c      0x8  main.o [1]
  .rodata              const    0x00011f34      0x8  Oled.o [1]
  .rodata              const    0x00011f3c      0x8  start.o [1]
  .rodata              const    0x00011f44      0x8  start.o [1]
  .rodata              const    0x00011f4c      0x8  start.o [1]
  .rodata              const    0x00011f54      0x8  start.o [1]
  .rodata              const    0x00011f5c      0x8  start.o [1]
  .rodata              const    0x00011f64      0x8  start.o [1]
  .rodata              const    0x00011f6c      0x8  start.o [1]
  .rodata              const    0x00011f74      0x8  start.o [1]
  .rodata              const    0x00011f7c      0x0  zero_init3.o [5]
  Initializer bytes    const    0x00011f7c      0x4  <for P2 s0> (used: 0x0)
                              - 0x00011f80  0x11b34

"P2", part 1 of 3:                            0x27c
  CodeRelocateRam               0x1fff0410    0x1a8  <Block>
    CodeRelocateRam-1           0x1fff0410    0x1a8  <Init block>
      Veneer           inited   0x1fff0410      0x8  - Linker created -
      .textrw          inited   0x1fff0418    0x150  flash.o [1]
      .textrw          inited   0x1fff0568     0x50  mcg.o [1]
  .data                         0x1fff05b8     0xd4  <Block>
    .data-1                     0x1fff05b8     0xd2  <Init block>
      .data            inited   0x1fff05b8      0x4  ctrl.o [1]
      .data            inited   0x1fff05bc      0x8  dac.o [1]
      .data            inited   0x1fff05c4      0xc  FTM.o [1]
      .data            inited   0x1fff05d0     0x14  gpio.o [1]
      .data            inited   0x1fff05e4     0x14  gpio.o [1]
      .data            inited   0x1fff05f8     0x68  isr.o [1]
      .data            inited   0x1fff0660      0x4  isr.o [1]
      .data            inited   0x1fff0664      0x8  mcg.o [1]
      .data            inited   0x1fff066c      0x4  Oled.o [1]
      .data            inited   0x1fff0670     0x18  uart.o [1]
      .data            inited   0x1fff0688      0x1  diskio.o [1]
      .data            inited   0x1fff0689      0x1  isr.o [1]
                              - 0x1fff068c    0x27c

"P2", part 2 of 3:                           0x9824
  .bss                          0x1fff0690   0x9824  <Block>
    .bss               zero     0x1fff0690      0x8  ctrl.o [1]
    .bss               zero     0x1fff0698      0x8  ctrl.o [1]
    .bss               zero     0x1fff06a0      0x4  ctrl.o [1]
    .bss               zero     0x1fff06a4      0x4  ctrl.o [1]
    .bss               zero     0x1fff06a8      0x4  ctrl.o [1]
    .bss               zero     0x1fff06ac      0x4  ctrl.o [1]
    .bss               zero     0x1fff06b0      0x4  ctrl.o [1]
    .bss               zero     0x1fff06b4      0x4  ctrl.o [1]
    .bss               zero     0x1fff06b8      0x4  ctrl.o [1]
    .bss               zero     0x1fff06bc      0x4  ctrl.o [1]
    .bss               zero     0x1fff06c0      0x4  ctrl.o [1]
    .bss               zero     0x1fff06c4      0x4  ctrl.o [1]
    .bss               zero     0x1fff06c8      0x4  ctrl.o [1]
    .bss               zero     0x1fff06cc      0x4  ctrl.o [1]
    .bss               zero     0x1fff06d0      0x4  ctrl.o [1]
    .bss               zero     0x1fff06d4      0x4  ctrl.o [1]
    .bss               zero     0x1fff06d8     0x10  ctrl.o [1]
    .bss               zero     0x1fff06e8     0x10  ctrl.o [1]
    .bss               zero     0x1fff06f8      0x4  ctrl.o [1]
    .bss               zero     0x1fff06fc      0x4  ctrl.o [1]
    .bss               zero     0x1fff0700     0x10  ctrl.o [1]
    .bss               zero     0x1fff0710      0x4  ctrl.o [1]
    .bss               zero     0x1fff0714      0x4  ctrl.o [1]
    .bss               zero     0x1fff0718      0x4  ctrl.o [1]
    .bss               zero     0x1fff071c      0x4  ctrl.o [1]
    .bss               zero     0x1fff0720      0x4  ctrl.o [1]
    .bss               zero     0x1fff0724      0x4  ctrl.o [1]
    .bss               zero     0x1fff0728      0x4  ctrl.o [1]
    .bss               zero     0x1fff072c      0x4  ctrl.o [1]
    .bss               zero     0x1fff0730      0x4  ctrl.o [1]
    .bss               zero     0x1fff0734      0x4  ctrl.o [1]
    .bss               zero     0x1fff0738      0x4  ctrl.o [1]
    .bss               zero     0x1fff073c      0x4  ctrl.o [1]
    .bss               zero     0x1fff0740      0x4  ctrl.o [1]
    .bss               zero     0x1fff0744     0x40  dma.o [1]
    .bss               zero     0x1fff0784      0x4  ff.o [1]
    .bss               zero     0x1fff0788      0x4  fun.o [1]
    .bss               zero     0x1fff078c      0x4  fun.o [1]
    .bss               zero     0x1fff0790      0x4  fun.o [1]
    .bss               zero     0x1fff0794      0x4  fun.o [1]
    .bss               zero     0x1fff0798      0x4  fun.o [1]
    .bss               zero     0x1fff079c      0x4  fun.o [1]
    .bss               zero     0x1fff07a0      0x4  fun.o [1]
    .bss               zero     0x1fff07a4      0x4  fun.o [1]
    .bss               zero     0x1fff07a8      0x4  fun.o [1]
    .bss               zero     0x1fff07ac     0x14  fun.o [1]
    .bss               zero     0x1fff07c0      0x4  fun.o [1]
    .bss               zero     0x1fff07c4      0x4  fun.o [1]
    .bss               zero     0x1fff07c8      0xc  fuzzy.o [1]
    .bss               zero     0x1fff07d4      0xc  fuzzy.o [1]
    .bss               zero     0x1fff07e0    0xc9c  getinfor.o [1]
    .bss               zero     0x1fff147c      0x4  getinfor.o [1]
    .bss               zero     0x1fff1480     0x14  getinfor.o [1]
    .bss               zero     0x1fff1494    0x198  getinfor.o [1]
    .bss               zero     0x1fff162c   0x27d8  getinfor.o [1]
    .bss               zero     0x1fff3e04   0x55f0  getinfor.o [1]
    .bss               zero     0x1fff93f4     0x14  getinfor.o [1]
    .bss               zero     0x1fff9408     0x14  getinfor.o [1]
    .bss               zero     0x1fff941c     0x10  getinfor.o [1]
    .bss               zero     0x1fff942c      0x4  getinfor.o [1]
    .bss               zero     0x1fff9430      0x4  getinfor.o [1]
    .bss               zero     0x1fff9434      0x4  getinfor.o [1]
    .bss               zero     0x1fff9438      0x4  getinfor.o [1]
    .bss               zero     0x1fff943c    0x120  getinfor.o [1]
    .bss               zero     0x1fff955c     0xa0  getinfor.o [1]
    .bss               zero     0x1fff95fc      0x4  getinfor.o [1]
    .bss               zero     0x1fff9600      0x4  getinfor.o [1]
    .bss               zero     0x1fff9604      0x4  getinfor.o [1]
    .bss               zero     0x1fff9608      0x4  getinfor.o [1]
    .bss               zero     0x1fff960c      0x4  getinfor.o [1]
    .bss               zero     0x1fff9610      0x4  getinfor.o [1]
    .bss               zero     0x1fff9614      0x4  getinfor.o [1]
    .bss               zero     0x1fff9618      0x4  getinfor.o [1]
    .bss               zero     0x1fff961c      0x4  getinfor.o [1]
    .bss               zero     0x1fff9620      0x4  getinfor.o [1]
    .bss               zero     0x1fff9624     0x18  getinfor.o [1]
    .bss               zero     0x1fff963c    0x330  getinfor.o [1]
    .bss               zero     0x1fff996c      0xc  getinfor.o [1]
    .bss               zero     0x1fff9978      0x4  getinfor.o [1]
    .bss               zero     0x1fff997c      0x4  getinfor.o [1]
    .bss               zero     0x1fff9980      0x4  getinfor.o [1]
    .bss               zero     0x1fff9984      0x4  getinfor.o [1]
    .bss               zero     0x1fff9988      0x4  getinfor.o [1]
    .bss               zero     0x1fff998c      0x4  getinfor.o [1]
    .bss               zero     0x1fff9990      0x4  getinfor.o [1]
    .bss               zero     0x1fff9994      0x4  I2C.o [1]
    .bss               zero     0x1fff9998      0x4  I2C.o [1]
    .bss               zero     0x1fff999c      0x4  I2C.o [1]
    .bss               zero     0x1fff99a0      0x4  I2C.o [1]
    .bss               zero     0x1fff99a4      0x4  isr.o [1]
    .bss               zero     0x1fff99a8      0x4  isr.o [1]
    .bss               zero     0x1fff99ac     0x18  isr.o [1]
    .bss               zero     0x1fff99c4      0x4  keyboard.o [1]
    .bss               zero     0x1fff99c8    0x224  main.o [1]
    .bss               zero     0x1fff9bec    0x230  main.o [1]
    .bss               zero     0x1fff9e1c      0x4  main.o [1]
    .bss               zero     0x1fff9e20      0x4  Oled.o [1]
    .bss               zero     0x1fff9e24      0x4  Oled.o [1]
    .bss               zero     0x1fff9e28      0x4  Oled.o [1]
    .bss               zero     0x1fff9e2c      0x4  Oled.o [1]
    .bss               zero     0x1fff9e30      0x4  Oled.o [1]
    .bss               zero     0x1fff9e34      0x4  Oled.o [1]
    .bss               zero     0x1fff9e38      0x4  Oled.o [1]
    .bss               zero     0x1fff9e3c      0x4  Oled.o [1]
    .bss               zero     0x1fff9e40      0x4  Oled.o [1]
    .bss               zero     0x1fff9e44      0x4  Oled.o [1]
    .bss               zero     0x1fff9e48      0x4  Oled.o [1]
    .bss               zero     0x1fff9e4c      0x4  Oled.o [1]
    .bss               zero     0x1fff9e50      0x4  Oled.o [1]
    .bss               zero     0x1fff9e54      0x4  Oled.o [1]
    .bss               zero     0x1fff9e58      0x4  Oled.o [1]
    .bss               zero     0x1fff9e5c      0x4  Oled.o [1]
    .bss               zero     0x1fff9e60      0x4  Oled.o [1]
    .bss               zero     0x1fff9e64      0x4  Oled.o [1]
    .bss               zero     0x1fff9e68     0x14  sdhc.o [1]
    .bss               zero     0x1fff9e7c      0x4  sysinit.o [1]
    .bss               zero     0x1fff9e80      0x4  sysinit.o [1]
    .bss               zero     0x1fff9e84      0x4  sysinit.o [1]
    .bss               zero     0x1fff9e88      0x4  sysinit.o [1]
    .bss               zero     0x1fff9e8c      0x4  sysinit.o [1]
    .bss               zero     0x1fff9e90      0x4  sysinit.o [1]
    .bss               zero     0x1fff9e94      0x2  ff.o [1]
    .bss               zero     0x1fff9e96      0x1  ctrl.o [1]
    .bss               zero     0x1fff9e97      0x1  ctrl.o [1]
    .bss               zero     0x1fff9e98      0x1  fun.o [1]
    .bss               zero     0x1fff9e99      0x1  getinfor.o [1]
    .bss               zero     0x1fff9e9a      0x1  getinfor.o [1]
    .bss               zero     0x1fff9e9b      0x1  getinfor.o [1]
    .bss               zero     0x1fff9e9c      0x1  getinfor.o [1]
    .bss               zero     0x1fff9e9d      0x1  getinfor.o [1]
    .bss               zero     0x1fff9e9e      0x1  getinfor.o [1]
    .bss               zero     0x1fff9e9f      0x1  getinfor.o [1]
    .bss               zero     0x1fff9ea0      0x1  getinfor.o [1]
    .bss               zero     0x1fff9ea1      0x1  I2C.o [1]
    .bss               zero     0x1fff9ea2      0x1  isr.o [1]
    .bss               zero     0x1fff9ea3      0x1  isr.o [1]
    .bss               zero     0x1fff9ea4      0x1  isr.o [1]
    .bss               zero     0x1fff9ea5      0x1  isr.o [1]
    .bss               zero     0x1fff9ea6      0x1  isr.o [1]
    .bss               zero     0x1fff9ea7      0x1  isr.o [1]
    .bss               zero     0x1fff9ea8      0x1  isr.o [1]
    .bss               zero     0x1fff9ea9      0x1  isr.o [1]
    .bss               zero     0x1fff9eaa      0x1  isr.o [1]
    .bss               zero     0x1fff9eab      0x1  isr.o [1]
    .bss               zero     0x1fff9eac      0x1  main.o [1]
    .bss               zero     0x1fff9ead      0x1  main.o [1]
    .bss               zero     0x1fff9eae      0x1  main.o [1]
    .bss               zero     0x1fff9eaf      0x1  Oled.o [1]
                              - 0x1fff9eb0   0x9824

"P2", part 3 of 3:                              0x4
  P2 s0                         0x1fff9eb0      0x4  <Init block>
    __DLIB_PERTHREAD   inited   0x1fff9eb0      0x4  errno.o [3]
                              - 0x1fff9eb4      0x4


*******************************************************************************
*** INIT TABLE
***

          Address     Size
          -------     ----
Zero (__iar_zero_init3)
    1 destination range, total size 0x9820:
          0x1fff0690  0x9820



*******************************************************************************
*** MODULE SUMMARY
***

    Module                 ro code  rw code  ro data  rw data
    ------                 -------  -------  -------  -------
D:\十一届\信标程序\总决赛\My boy_A Blue\build\Kinetis_K60\Debug\Obj: [1]
    FTM.o                    1 000                76       12
    I2C.o                      872                         17
    Oled.o                  13 716             6 592       77
    arm_cm4.o                  364               240
    assert.o                    24                76
    crt0.o                      60
    ctrl.o                   4 188                 4      186
    dac.o                      176                72        8
    delay.o                     36
    diskio.o                 1 608                 1        1
    dma.o                      580                         64
    exti.o                     112
    ff.o                     5 172                16        6
    flash.o                             336      404
    fun.o                    3 108                         65
    fuzzy.o                  2 408             1 168       24
    getinfor.o              11 340                     37 308
    gpio.o                     232               104       40
    init.o                     312
    io.o                        16
    isr.o                    1 652               109      151
    keyboard.o                  38                          4
    lptmr.o                     68
    main.o                   1 456                20    1 115
    mcg.o                      700       80       88        8
    printf.o                 1 380
    sdhc.o                   2 128               320       20
    start.o                  1 312             1 176
    startup.o                  192
    stdlib.o                    32
    sysinit.o                  128                         24
    uart.o                     524                24       24
    vectors.o                    2             1 040
    wdog.o                      56
    ---------------------------------------------------------
    Total:                  54 992      416   11 530   39 154

command line: [2]
    ---------------------------------------------------------
    Total:

dl7M_tln.a: [3]
    errno.o                     12                 4        4
    exit.o                       4
    low_level_init.o             4
    xtls.o                       2
    ---------------------------------------------------------
    Total:                      22                 4        4

m7M_tl.a: [4]
    DblAdd.o                   232
    DblCmpEq.o                  32
    DblCmpGe.o                  46
    DblCmpLe.o                  46
    DblDiv.o                   598
    DblMul.o                   418
    DblSub.o                   384
    DblToFlt.o                 144
    DblToI32.o                  88
    FltAdd.o                   132
    FltCmpEq.o                  28
    FltCmpGe.o                  36
    FltCmpLe.o                  36
    FltDiv.o                   252
    FltMul.o                   216
    FltSub.o                   230
    FltToDbl.o                  78
    FltToS32.o                  68
    I32ToDbl.o                  48
    I32ToFlt.o                  46
    pow.o                    2 120
    xdint.o                    122
    xdnorm.o                    68
    xdscale.o                  268
    xdtest.o                    50
    xexp.o                     700
    xlog.o                     172
    ---------------------------------------------------------
    Total:                   6 658

rt7M_tl.a: [5]
    ABImemclr4.o                 6
    ABImemcpy_unaligned.o       86
    ABImemset48.o               50
    cexit.o                     10
    cmain.o                     26
    cstartup_M.o                12
    data_init.o                 40
    zero_init3.o                64
    ---------------------------------------------------------
    Total:                     294

shb_l.a: [6]
    exit.o                      20
    ---------------------------------------------------------
    Total:                      20

    Gaps                        30
    Linker created              24        8       26
-------------------------------------------------------------
    Grand Total:            62 040      424   11 560   39 158


*******************************************************************************
*** ENTRY LIST
***

Entry                      Address    Size  Type      Object
-----                      -------    ----  ----      ------
.bss$$Base              0x1fff0690           --   Gb  - Linker created -
.bss$$Limit             0x1fff9eb0           --   Gb  - Linker created -
.data$$Base             0x1fff05b8           --   Gb  - Linker created -
.data$$Limit            0x1fff068c           --   Gb  - Linker created -
.data_init$$Base        0x00011698           --   Gb  - Linker created -
.data_init$$Limit       0x0001176c           --   Gb  - Linker created -
.iar.init_table$$Base   0x00011b0c           --   Gb  - Linker created -
.iar.init_table$$Limit  0x00011b1c           --   Gb  - Linker created -
?main                   0x00011c11          Code  Gb  cmain.o [5]
ASSERT_FAILED_STR       0x00008018    0x4c  Data  Gb  assert.o [1]
ActCol                  0x1fff3e04  0x55f0  Data  Gb  getinfor.o [1]
ActEdge                 0x1fff162c  0x27d8  Data  Gb  getinfor.o [1]
AppGUI                  0x00002c15    0x50  Code  Gb  Oled.o [1]
BeaconClock             0x00007a35   0x138  Code  Gb  fun.o [1]
BeaconStart             0x1fff9ead     0x1  Data  Gb  main.o [1]
BeaconStartOld          0x1fff9eae     0x1  Data  Gb  main.o [1]
BitSwitch               0x1fff9e54     0x4  Data  Gb  Oled.o [1]
BitValue                0x1fff9e58     0x4  Data  Gb  Oled.o [1]
Bus_KHz                 0x1fff9e90     0x4  Data  Gb  sysinit.o [1]
BuzzerNoise_flag        0x1fff9ea0     0x1  Data  Gb  getinfor.o [1]
ChangeNum               0x1fff1494   0x198  Data  Gb  getinfor.o [1]
ChoiceStatus            0x1fff9e4c     0x4  Data  Gb  Oled.o [1]
Choiceflag              0x1fff9e48     0x4  Data  Gb  Oled.o [1]
ClearArrayChar          0x00007001     0xe  Code  Gb  fun.o [1]
ClearArrayInt           0x0000700f     0xe  Code  Gb  fun.o [1]
CodeRelocate$$Base      0x00010f60           --   Gb  - Linker created -
CodeRelocate$$Limit     0x00011108           --   Gb  - Linker created -
CodeRelocateRam$$Base   0x1fff0410           --   Gb  - Linker created -
CodeRelocateRam$$Limit  0x1fff05b8           --   Gb  - Linker created -
Core_KHz                0x1fff9e88     0x4  Data  Gb  sysinit.o [1]
Core_MHz                0x1fff9e8c     0x4  Data  Gb  sysinit.o [1]
DAC_Count               0x1fff99a4     0x4  Data  Gb  isr.o [1]
DAC_flag                0x1fff9ea2     0x1  Data  Gb  isr.o [1]
DACx                    0x1fff05bc     0x8  Data  Gb  dac.o [1]
DMA_count_Init          0x00008c3d   0x1ea  Code  Gb  dma.o [1]
DMA_count_get           0x00008e27    0x18  Code  Gb  dma.o [1]
DMA_count_reset         0x00008e3f    0x14  Code  Gb  dma.o [1]
DirectionControl        0x0000bad9   0x5ae  Code  Gb  ctrl.o [1]
Direction_FuzzyCalculate
                        0x0000e2af   0x17c  Code  Gb  fuzzy.o [1]
DisplayLED              0x000032b5   0x1f0  Code  Gb  Oled.o [1]
DrawPicture             0x000022fb   0x134  Code  Gb  Oled.o [1]
ESDHC_COMMAND_XFERTYP   0x00011598   0x100  Data  Gb  sdhc.o [1]
EnterFlag               0x1fff99c4     0x4  Data  Gb  keyboard.o [1]
ExtractChangeNum        0x00004471   0x108  Code  Gb  getinfor.o [1]
F12X24                  0x0000cf38   0xd5c  Data  Gb  Oled.o [1]
F6x8                    0x00010d38   0x228  Data  Gb  Oled.o [1]
F8X16                   0x0000ed20   0x5f0  Data  Gb  Oled.o [1]
FTM_PWM_Duty            0x0000ce53    0x78  Code  Gb  FTM.o [1]
FTM_PWM_init            0x0000cb35   0x31e  Code  Gb  FTM.o [1]
FTMx                    0x1fff05c4     0xc  Data  Gb  FTM.o [1]
FatFs                   0x1fff0784     0x4  Data  Lc  ff.o [1]
FindRoadBlock           0x000078f7   0x112  Code  Gb  fun.o [1]
FlagSD                  0x1fff9e1c     0x4  Data  Gb  main.o [1]
Fsid                    0x1fff9e94     0x2  Data  Lc  ff.o [1]
FuzzyControl            0x0000dc95   0x600  Code  Gb  fuzzy.o [1]
Fuzzy_Update            0x0000e295    0x1a  Code  Gb  fuzzy.o [1]
GPIOx                   0x1fff05d0    0x14  Data  Gb  gpio.o [1]
GetImage                0x000043b5    0xbc  Code  Gb  getinfor.o [1]
GetSpeed                0x000076f3   0x198  Code  Gb  fun.o [1]
I2C_Init                0x0000fd3d    0x24  Code  Gb  I2C.o [1]
IIC_GetData             0x0000fc77    0x38  Code  Gb  I2C.o [1]
IIC_ReadByte            0x0000fc3b    0x3c  Code  Gb  I2C.o [1]
IIC_RecvByte            0x0000fba9    0x68  Code  Gb  I2C.o [1]
IIC_SendACK             0x0000fa93    0x50  Code  Gb  I2C.o [1]
IIC_SendByte            0x0000fae3    0xc6  Code  Gb  I2C.o [1]
IIC_Start               0x0000fa0f    0x48  Code  Gb  I2C.o [1]
IIC_Stop                0x0000fa57    0x3c  Code  Gb  I2C.o [1]
IIC_TestDelay           0x0000f9f9    0x16  Code  Gb  I2C.o [1]
IIC_WriteReg            0x0000fc11    0x2a  Code  Gb  I2C.o [1]
Image_Dis               0x0000195b   0x4c8  Code  Gb  Oled.o [1]
Image_Dis2              0x00001e31   0x4ca  Code  Gb  Oled.o [1]
Image_Dis2::LastCol     0x1fff9e64     0x4  Data  Lc  Oled.o [1]
Image_Dis::LastCol      0x1fff9e60     0x4  Data  Lc  Oled.o [1]
IndependentKey          0x0000061b    0x4c  Code  Gb  Oled.o [1]
InitAll                 0x0000f99d    0x5c  Code  Gb  init.o [1]
InitClk                 0x0000f8c1    0x22  Code  Gb  init.o [1]
InitInterrupt           0x0000f951    0x4c  Code  Gb  init.o [1]
InitPort                0x0000f8ed    0x64  Code  Gb  init.o [1]
LCDEncode               0x00002461    0x50  Code  Gb  Oled.o [1]
LCD_CLS                 0x000005cd    0x40  Code  Gb  Oled.o [1]
LCD_DLY_ms              0x0000060d     0xe  Code  Gb  Oled.o [1]
LCD_Fill                0x00000589    0x44  Code  Gb  Oled.o [1]
LCD_Hundred             0x1fff9e28     0x4  Data  Gb  Oled.o [1]
LCD_Init                0x00000667   0x12c  Code  Gb  Oled.o [1]
LCD_P12x24Str           0x000008c7    0xea  Code  Gb  Oled.o [1]
LCD_P6x8Parameter       0x000009b1   0x2a4  Code  Gb  Oled.o [1]
LCD_P6x8Str             0x00000793    0x8a  Code  Gb  Oled.o [1]
LCD_P8x16Parameter      0x00000c55   0x2fc  Code  Gb  Oled.o [1]
LCD_P8x16Str            0x0000081d    0xaa  Code  Gb  Oled.o [1]
LCD_ParametersPoint_Dis
                        0x00001671   0x2ea  Code  Gb  Oled.o [1]
LCD_Reset               0x000024b1    0x3a  Code  Gb  Oled.o [1]
LCD_Set_Pos             0x00000559    0x30  Code  Gb  Oled.o [1]
LCD_Single              0x1fff9e30     0x4  Data  Gb  Oled.o [1]
LCD_Ten                 0x1fff9e2c     0x4  Data  Gb  Oled.o [1]
LCD_TenThousand         0x1fff9e20     0x4  Data  Gb  Oled.o [1]
LCD_Thousand            0x1fff9e24     0x4  Data  Gb  Oled.o [1]
LCD_WrCmd               0x000004db    0x7e  Code  Gb  Oled.o [1]
LCD_WrDat               0x0000045d    0x7e  Code  Gb  Oled.o [1]
MMA8451_Init            0x0000fcdb    0x2c  Code  Gb  I2C.o [1]
MPU6050_Init            0x0000fd07    0x36  Code  Gb  I2C.o [1]
MPU_Get_Z_Gyro          0x0000fcc9    0x12  Code  Gb  I2C.o [1]
ModelChoice             0x1fff9eac     0x1  Data  Gb  main.o [1]
MotorStree              0x1fff9e96     0x1  Data  Gb  ctrl.o [1]
OledCMD                 0x00002cb9   0x5f2  Code  Gb  Oled.o [1]
OledInput               0x00003545   0x418  Code  Gb  Oled.o [1]
OnlineInput             0x00000f59   0x33a  Code  Gb  Oled.o [1]
PORTB23_IRQHandler      0x0000ea6b   0x10e  Code  Gb  isr.o [1]
PORTC3_IRQHandler       0x0000e5fd   0x46e  Code  Gb  isr.o [1]
PORTD5_IRQHandler       0x0000eb79    0x74  Code  Gb  isr.o [1]
PORTX                   0x1fff05e4    0x14  Data  Gb  gpio.o [1]
ParameterChange         0x000025ed   0x61e  Code  Gb  Oled.o [1]
ParameterInput          0x00001299   0x3ba  Code  Gb  Oled.o [1]
Picture128x64           0x00010938   0x400  Data  Gb  Oled.o [1]
PointChange             0x000024f9    0xe4  Code  Gb  Oled.o [1]
Region$$Table$$Base     0x00011b0c           --   Gb  - Linker created -
Region$$Table$$Limit    0x00011b1c           --   Gb  - Linker created -
Reset_Handler           0x00000411          Code  Gb  crt0.o [1]
SDHC_card               0x1fff9e68    0x14  Data  Gb  sdhc.o [1]
SDHC_cmd                0x0000b40d   0x170  Code  Gb  sdhc.o [1]
SDHC_init               0x0000b245    0xf4  Code  Gb  sdhc.o [1]
SDHC_ioctl              0x0000b57d   0x494  Code  Gb  sdhc.o [1]
SDHC_set_baudrate       0x0000b339    0xd4  Code  Gb  sdhc.o [1]
SDTIME                  0x1fff0788     0x4  Data  Gb  fun.o [1]
SD_Record               0x1fff078c     0x4  Data  Gb  fun.o [1]
SectorTimes             0x1fff9e50     0x4  Data  Gb  Oled.o [1]
Seek_Beacon             0x0000459d  0x2940  Code  Gb  getinfor.o [1]
SendHigh                0x1fff999c     0x4  Data  Gb  I2C.o [1]
SendLow                 0x1fff99a0     0x4  Data  Gb  I2C.o [1]
SendSD                  0x0000701d   0x6d6  Code  Gb  fun.o [1]
SetMotorVoltage         0x0000c849   0x1d0  Code  Gb  ctrl.o [1]
SpeedControl            0x0000c0d5   0x70e  Code  Gb  ctrl.o [1]
Speed_FuzzyCalculate    0x0000e42b   0x15c  Code  Gb  fuzzy.o [1]
StartCount              0x1fff0790     0x4  Data  Gb  fun.o [1]
Stat                    0x1fff0688     0x1  Data  Lc  diskio.o [1]
SwitchCol               0x1fff9e44     0x4  Data  Gb  Oled.o [1]
SwitchPage              0x1fff9e3c     0x4  Data  Gb  Oled.o [1]
SwitchRow               0x1fff9e40     0x4  Data  Gb  Oled.o [1]
SwitchRowOld            0x1fff066c     0x4  Data  Gb  Oled.o [1]
Switch_Staut_Old        0x1fff9ea9     0x1  Data  Gb  isr.o [1]
Time_Point1             0x1fff9e34     0x4  Data  Gb  Oled.o [1]
Time_Point2             0x1fff9e38     0x4  Data  Gb  Oled.o [1]
TurnBackFlag            0x1fff9e5c     0x4  Data  Gb  Oled.o [1]
UARTx                   0x1fff0670    0x18  Data  Gb  uart.o [1]
Ultrasonic              0x1fff99a8     0x4  Data  Gb  isr.o [1]
Ultrasonic_Dis          0x1fff99ac    0x18  Data  Gb  isr.o [1]
Ultrasonic_Trig         0x0000788b    0x6c  Code  Gb  fun.o [1]
VREF_init               0x0000ec71    0x1c  Code  Gb  dac.o [1]
__BOOT_STACK_ADDRESS {Abs}
                        0x2000fff8          Data  Gb  command line/config [2]
__VECTOR_RAM {Abs}      0x1fff0000          Data  Gb  command line/config [2]
__VECTOR_TABLE {Abs}    0x00000000          Data  Gb  command line/config [2]
__aeabi_cdcmpeq         0x0000903d          Code  Gb  DblCmpEq.o [4]
__aeabi_cdcmple         0x00009099          Code  Gb  DblCmpLe.o [4]
__aeabi_cdrcmple        0x00009069          Code  Gb  DblCmpGe.o [4]
__aeabi_cfcmpeq         0x0000cf1d          Code  Gb  FltCmpEq.o [4]
__aeabi_cfcmple         0x00008a31          Code  Gb  FltCmpLe.o [4]
__aeabi_cfrcmple        0x00008a55          Code  Gb  FltCmpGe.o [4]
__aeabi_d2f             0x00007f89          Code  Gb  DblToFlt.o [4]
__aeabi_d2iz            0x00007df9          Code  Gb  DblToI32.o [4]
__aeabi_d2uiz           0x00007e25          Code  Gb  DblToI32.o [4]
__aeabi_dadd            0x00007ea1          Code  Gb  DblAdd.o [4]
__aeabi_ddiv            0x000090c9          Code  Gb  DblDiv.o [4]
__aeabi_dmul            0x00007c55          Code  Gb  DblMul.o [4]
__aeabi_dsub            0x000088b1          Code  Gb  DblSub.o [4]
__aeabi_errno_addr      0x0000905d     0x6  Code  Gb  errno.o [3]
__aeabi_f2d             0x00007e51          Code  Gb  FltToDbl.o [4]
__aeabi_f2iz            0x00003ae1          Code  Gb  FltToS32.o [4]
__aeabi_fadd            0x00008b61          Code  Gb  FltAdd.o [4]
__aeabi_fdiv            0x00008e81          Code  Gb  FltDiv.o [4]
__aeabi_fmul            0x00003b25          Code  Gb  FltMul.o [4]
__aeabi_fsub            0x00008a79          Code  Gb  FltSub.o [4]
__aeabi_i2d             0x00007c25          Code  Gb  I32ToDbl.o [4]
__aeabi_i2f             0x00003d91          Code  Gb  I32ToFlt.o [4]
__aeabi_memclr4         0x00003ad9          Code  Gb  ABImemclr4.o [5]
__aeabi_ui2d            0x00007c39          Code  Gb  I32ToDbl.o [4]
__cmain                 0x00011c11          Code  Gb  cmain.o [5]
__code_start__ {Abs}    0x00000410          Data  Gb  command line/config [2]
__exit                  0x00011c41    0x14  Code  Gb  exit.o [6]
__iar_Dint              0x00008fc1    0x7a  Code  Gb  xdint.o [4]
__iar_Dnorm             0x00008f7d    0x44  Code  Gb  xdnorm.o [4]
__iar_Dscale            0x000096bd   0x10c  Code  Gb  xdscale.o [4]
__iar_Dtest             0x0000968b    0x32  Code  Gb  xdtest.o [4]
__iar_Errno             0x1fff9eb0     0x4  Data  Gb  errno.o [3]
__iar_Exp               0x000093cd   0x2b6  Code  Gb  xexp.o [4]
__iar_Logpoly           0x00009321    0x70  Code  Gb  xlog.o [4]
__iar_Memset4_word      0x00003dfd          Code  Gb  ABImemset48.o [5]
__iar_Memset8_word      0x00003dfd          Code  Gb  ABImemset48.o [5]
__iar_d2uiz             0x00007e31          Code  Gb  DblToI32.o [4]
__iar_dadd              0x00007eb5          Code  Gb  DblAdd.o [4]
__iar_data_init3        0x00011ae5    0x28  Code  Gb  data_init.o [5]
__iar_dlib_perthread_access
                        0x00009689     0x2  Code  Gb  xtls.o [3]
__iar_dsub              0x000088c5          Code  Gb  DblSub.o [4]
__iar_dsubStart         0x000088d7          Code  Gb  DblSub.o [4]
__iar_fadd              0x00008b71          Code  Gb  FltAdd.o [4]
__iar_fsub              0x00008a89          Code  Gb  FltSub.o [4]
__iar_fsubStart         0x00008a99          Code  Gb  FltSub.o [4]
__iar_program_start     0x00011f21          Code  Gb  cstartup_M.o [5]
__iar_ui2d              0x00007c3d          Code  Gb  I32ToDbl.o [4]
__iar_ui2f              0x00003da5          Code  Gb  I32ToFlt.o [4]
__iar_unaligned___aeabi_memcpy4
                        0x00008be5          Code  Gb  ABImemcpy_unaligned.o [5]
__iar_unaligned___aeabi_memcpy8
                        0x00008be5          Code  Gb  ABImemcpy_unaligned.o [5]
__iar_zero_init3        0x00011979    0x40  Code  Gb  zero_init3.o [5]
__low_level_init        0x00011c2b     0x4  Code  Gb  low_level_init.o [3]
__vector_table          0x00000000   0x410  Data  Gb  vectors.o [1]
_call_main              0x00011c1d          Code  Gb  cmain.o [5]
_exit                   0x00011c35          Code  Gb  cexit.o [5]
_main                   0x00011c27          Code  Gb  cmain.o [5]
ack                     0x1fff9ea1     0x1  Data  Gb  I2C.o [1]
assert_failed           0x00003de5    0x18  Code  Gb  assert.o [1]
bus_clk_khz             0x1fff9e84     0x4  Data  Gb  sysinit.o [1]
check_fs                0x0000a1f1    0x7a  Code  Lc  ff.o [1]
chk_chr                 0x0000981f    0x14  Code  Lc  ff.o [1]
chk_mounted             0x0000a26b   0x400  Code  Lc  ff.o [1]
clust2sect              0x00009983    0x1a  Code  Gb  ff.o [1]
common_startup          0x00010535    0xc0  Code  Gb  startup.o [1]
core_clk_khz            0x1fff9e7c     0x4  Data  Gb  sysinit.o [1]
core_clk_mhz            0x1fff9e80     0x4  Data  Gb  sysinit.o [1]
count_init              0x1fff0744    0x40  Data  Gb  dma.o [1]
cpu_identify            0x0001010b   0x20a  Code  Gb  start.o [1]
create_chain            0x00009c33    0xdc  Code  Lc  ff.o [1]
create_name             0x00009fe1   0x170  Code  Lc  ff.o [1]
dac_once_convert        0x0000ece9    0x22  Code  Gb  dac.o [1]
dac_once_init           0x0000ec8d    0x5c  Code  Gb  dac.o [1]
default_isr             0x00003adf     0x2  Code  Gb  vectors.o [1]
delayms                 0x00003dc1    0x1e  Code  Gb  delay.o [1]
delayms1                0x00003bfd    0x26  Code  Gb  keyboard.o [1]
dir_find                0x00009ef7    0x68  Code  Lc  ff.o [1]
dir_next                0x00009dc5   0x132  Code  Lc  ff.o [1]
dir_register            0x00009f5f    0x82  Code  Lc  ff.o [1]
dir_sdi                 0x00009d0f    0xb6  Code  Lc  ff.o [1]
disable_irq             0x00003ccb    0x64  Code  Gb  arm_cm4.o [1]
disk_initialize         0x0000abfd   0x280  Code  Gb  diskio.o [1]
disk_ioctl              0x0000b165    0xb0  Code  Gb  diskio.o [1]
disk_read               0x0000aef9    0xca  Code  Gb  diskio.o [1]
disk_status             0x0000b215    0x12  Code  Gb  diskio.o [1]
disk_write              0x0000b021   0x144  Code  Gb  diskio.o [1]
enable_irq              0x00003c2b    0xa0  Code  Gb  arm_cm4.o [1]
exit                    0x00011c2f     0x4  Code  Gb  exit.o [3]
exti_init               0x0000fd61    0x70  Code  Gb  exti.o [1]
f_close                 0x0000ab7b    0x1c  Code  Gb  ff.o [1]
f_mount                 0x0000a69b    0x32  Code  Gb  ff.o [1]
f_open                  0x0000a6e9   0x1a6  Code  Gb  ff.o [1]
f_putc                  0x0000ab97    0x38  Code  Gb  ff.o [1]
f_puts                  0x0000abcf    0x2e  Code  Gb  ff.o [1]
f_sync                  0x0000aab7    0xc4  Code  Gb  ff.o [1]
f_write                 0x0000a88f   0x228  Code  Gb  ff.o [1]
fdst                    0x1fff99c8   0x224  Data  Gb  main.o [1]
flash_cmd_launch        0x1fff0419    0x20  Code  Lc  flash.o [1]
flash_erase_sector      0x1fff0439    0x7c  Code  Gb  flash.o [1]
flash_identify          0x00010315    0xbe  Code  Gb  start.o [1]
flash_write             0x1fff04b5    0x8a  Code  Gb  flash.o [1]
follow_path             0x0000a151    0xa0  Code  Lc  ff.o [1]
fs                      0x1fff9bec   0x230  Data  Gb  main.o [1]
gcBeaconOrder           0x1fff941c    0x10  Data  Gb  getinfor.o [1]
gcBeaconSpeed           0x1fff0700    0x10  Data  Gb  ctrl.o [1]
get_fat                 0x0000999d    0xe2  Code  Gb  ff.o [1]
get_fattime             0x0000b241     0x4  Code  Gb  diskio.o [1]
gfAllMeter              0x1fff0798     0x4  Data  Gb  fun.o [1]
gfAllTime               0x1fff079c     0x4  Data  Gb  fun.o [1]
gfCurrentSkew           0x1fff9980     0x4  Data  Gb  getinfor.o [1]
gfCurrentSpeedPWM       0x1fff0690     0x8  Data  Gb  ctrl.o [1]
gfDesirSpeed            0x1fff06cc     0x4  Data  Gb  ctrl.o [1]
gfDesirSpeed_High       0x1fff06c8     0x4  Data  Gb  ctrl.o [1]
gfDesirSpeed_Low        0x1fff06c4     0x4  Data  Gb  ctrl.o [1]
gfDesirSpeed_Mid        0x1fff06c0     0x4  Data  Gb  ctrl.o [1]
gfDirectionErrI         0x1fff0728     0x4  Data  Gb  ctrl.o [1]
gfDirectionPWM          0x1fff06d4     0x4  Data  Gb  ctrl.o [1]
gfDirectionPWM_Normalize
                        0x1fff0734     0x4  Data  Gb  ctrl.o [1]
gfDirectionPwmOld       0x1fff0730     0x4  Data  Gb  ctrl.o [1]
gfDirection_Pwm         0x1fff072c     0x4  Data  Gb  ctrl.o [1]
gfGyroIntegral          0x1fff147c     0x4  Data  Gb  getinfor.o [1]
gfLastSpeedPWM          0x1fff0698     0x8  Data  Gb  ctrl.o [1]
gfMeter_Count           0x1fff06b0     0x4  Data  Gb  ctrl.o [1]
gfRealSpeed             0x1fff07a0     0x4  Data  Gb  fun.o [1]
gfRoadSitError          0x1fff93f4    0x14  Data  Gb  getinfor.o [1]
gfRoadSitErrorGrad      0x1fff9408    0x14  Data  Gb  getinfor.o [1]
gfRowFilter             0x1fff9978     0x4  Data  Gb  getinfor.o [1]
gfRowFilter_Old         0x1fff997c     0x4  Data  Gb  getinfor.o [1]
gfSpeedErr              0x1fff06d8    0x10  Data  Gb  ctrl.o [1]
gfSpeedErrGrad          0x1fff06e8    0x10  Data  Gb  ctrl.o [1]
gfSpeedErrI             0x1fff06bc     0x4  Data  Gb  ctrl.o [1]
gfSpeedPWM              0x1fff06d0     0x4  Data  Gb  ctrl.o [1]
gfSpeed_Filter          0x1fff07c0     0x4  Data  Gb  fun.o [1]
gfSpeed_Filter_Old      0x1fff07c4     0x4  Data  Gb  fun.o [1]
gf_AlterSpeed           0x1fff06b4     0x4  Data  Gb  ctrl.o [1]
gf_AlterSpeed_Old       0x1fff06b8     0x4  Data  Gb  ctrl.o [1]
gf_Beacon_Distance      0x1fff9988     0x4  Data  Gb  getinfor.o [1]
gf_Beacon_Distance_Bot  0x1fff9990     0x4  Data  Gb  getinfor.o [1]
gf_Beacon_Distance_Old  0x1fff998c     0x4  Data  Gb  getinfor.o [1]
giAcc_Z                 0x1fff9994     0x4  Data  Gb  I2C.o [1]
giBeaconExcept          0x1fff0794     0x4  Data  Gb  fun.o [1]
giBeaconOrder1          0x1fff942c     0x4  Data  Gb  getinfor.o [1]
giBeaconOrder2          0x1fff9430     0x4  Data  Gb  getinfor.o [1]
giBeaconOrder3          0x1fff9434     0x4  Data  Gb  getinfor.o [1]
giBeaconSpeed1          0x1fff0710     0x4  Data  Gb  ctrl.o [1]
giBeaconSpeed2          0x1fff0714     0x4  Data  Gb  ctrl.o [1]
giBeaconSpeed3          0x1fff0718     0x4  Data  Gb  ctrl.o [1]
giBeacon_Area_Sum       0x1fff9614     0x4  Data  Gb  getinfor.o [1]
giBeacon_Col            0x1fff9600     0x4  Data  Gb  getinfor.o [1]
giBeacon_Col_Left       0x1fff960c     0x4  Data  Gb  getinfor.o [1]
giBeacon_Col_Right      0x1fff9610     0x4  Data  Gb  getinfor.o [1]
giBeacon_Row            0x1fff95fc     0x4  Data  Gb  getinfor.o [1]
giBeacon_Row_Bottom     0x1fff9608     0x4  Data  Gb  getinfor.o [1]
giBeacon_Row_Top        0x1fff9604     0x4  Data  Gb  getinfor.o [1]
giBlockSpeed            0x1fff0738     0x4  Data  Gb  ctrl.o [1]
giCenterCoord           0x1fff9624    0x18  Data  Gb  getinfor.o [1]
giCurrentSpeed          0x1fff07a8     0x4  Data  Gb  fun.o [1]
giDarkField             0x1fff9618     0x4  Data  Gb  getinfor.o [1]
giDd                    0x1fff0720     0x4  Data  Gb  ctrl.o [1]
giDi                    0x1fff0724     0x4  Data  Gb  ctrl.o [1]
giDirectStraight        0x1fff0740     0x4  Data  Gb  ctrl.o [1]
giDp                    0x1fff071c     0x4  Data  Gb  ctrl.o [1]
giExpectCOL             0x1fff9438     0x4  Data  Gb  getinfor.o [1]
giGyro_Z                0x1fff9998     0x4  Data  Gb  I2C.o [1]
giLostBeacon            0x1fff961c     0x4  Data  Gb  getinfor.o [1]
giMeterSetValue         0x1fff05b8     0x4  Data  Gb  ctrl.o [1]
giMeter_Sum             0x1fff06f8     0x4  Data  Gb  ctrl.o [1]
giMeter_Sum_RoadBlock   0x1fff06fc     0x4  Data  Gb  ctrl.o [1]
giNextDis               0x1fff9984     0x4  Data  Gb  getinfor.o [1]
giRoadBlockDis          0x1fff073c     0x4  Data  Gb  ctrl.o [1]
giRoadBlockOffset       0x1fff06ac     0x4  Data  Gb  ctrl.o [1]
giRoadEdgeSit           0x1fff1480    0x14  Data  Gb  getinfor.o [1]
giSd                    0x1fff06a8     0x4  Data  Gb  ctrl.o [1]
giSi                    0x1fff06a4     0x4  Data  Gb  ctrl.o [1]
giSp                    0x1fff06a0     0x4  Data  Gb  ctrl.o [1]
giSpeedSmooth           0x1fff07ac    0x14  Data  Gb  fun.o [1]
giSpeedWheel            0x1fff07a4     0x4  Data  Gb  fun.o [1]
giTopBotEdge            0x1fff963c   0x330  Data  Gb  getinfor.o [1]
giTurnBack              0x1fff9620     0x4  Data  Gb  getinfor.o [1]
giWhiteArea_MaxCol      0x1fff996c     0xc  Data  Gb  getinfor.o [1]
gpio_init               0x000039f1    0xda  Code  Gb  gpio.o [1]
gs_Beacon               0x1fff955c    0xa0  Data  Gb  getinfor.o [1]
gs_Derict_fuzzyPID      0x1fff07c8     0xc  Data  Gb  fuzzy.o [1]
gs_OriginalBeacon       0x1fff943c   0x120  Data  Gb  getinfor.o [1]
gs_Speed_fuzzyPID       0x1fff07d4     0xc  Data  Gb  fuzzy.o [1]
guBeaconCount           0x1fff9e9e     0x1  Data  Gb  getinfor.o [1]
guBeaconCountPlus       0x1fff9e9f     0x1  Data  Gb  getinfor.o [1]
guBeaconTimer           0x1fff9e98     0x1  Data  Gb  fun.o [1]
guBeacon_Dark_field     0x1fff9e9c     0x1  Data  Gb  getinfor.o [1]
guCircleLost            0x1fff9e99     0x1  Data  Gb  getinfor.o [1]
guCirclePass            0x1fff9e9b     0x1  Data  Gb  getinfor.o [1]
guFlagCtrl              0x1fff0689     0x1  Data  Gb  isr.o [1]
guFlagStand             0x1fff9ea3     0x1  Data  Gb  isr.o [1]
guHrefCount             0x1fff9eaa     0x1  Data  Gb  isr.o [1]
guHrefElect             0x1fff9eab     0x1  Data  Gb  isr.o [1]
guImageStaut            0x1fff9eaf     0x1  Data  Gb  Oled.o [1]
guImgBuff               0x1fff07e0   0xc9c  Data  Gb  getinfor.o [1]
guLastCircleLost        0x1fff9e9a     0x1  Data  Gb  getinfor.o [1]
guModifyRownumber       0x1fff05f8    0x68  Data  Gb  isr.o [1]
guOddEven               0x1fff9ea4     0x1  Data  Gb  isr.o [1]
guP_Href                0x1fff0660     0x4  Data  Gb  isr.o [1]
guRoadBlock             0x1fff9ea5     0x1  Data  Gb  isr.o [1]
guRoadBlockCount        0x1fff9ea7     0x1  Data  Gb  isr.o [1]
guRoadBlockflag         0x1fff9ea6     0x1  Data  Gb  isr.o [1]
guSidePass              0x1fff9e9d     0x1  Data  Gb  getinfor.o [1]
guSpeedflag             0x1fff9e97     0x1  Data  Gb  ctrl.o [1]
guStraight              0x1fff9ea8     0x1  Data  Gb  isr.o [1]
internal_Pow            0x00008069   0x412  Code  Lc  pow.o [4]
lnbias                  0x00008490   0x420  Data  Lc  pow.o [4]
main                    0x0000f311   0x5b0  Code  Gb  main.o [1]
mcg_div                 0x1fff0664     0x8  Data  Gb  mcg.o [1]
mem_cmp                 0x000097fb    0x24  Code  Lc  ff.o [1]
mem_cpy                 0x000097c9    0x1c  Code  Lc  ff.o [1]
mem_set                 0x000097e5    0x16  Code  Lc  ff.o [1]
move_window             0x00009833    0x78  Code  Lc  ff.o [1]
out_char                0x00011ed5    0x10  Code  Gb  io.o [1]
pll_init                0x0001067d   0x2bc  Code  Gb  mcg.o [1]
pow                     0x00008481     0xe  Code  Gb  pow.o [4]
printf                  0x0000436b    0x26  Code  Gb  printf.o [1]
printk                  0x00003f59   0x412  Code  Gb  printf.o [1]
printk_mknumstr         0x00003e63    0xaa  Code  Lc  printf.o [1]
printk_pad_space        0x00003f33    0x26  Code  Lc  printf.o [1]
printk_pad_zero         0x00003f0d    0x26  Code  Lc  printf.o [1]
printk_putc             0x00003e31    0x32  Code  Lc  printf.o [1]
put_fat                 0x00009a7f   0x142  Code  Gb  ff.o [1]
rcvr_datablock          0x0000ae7d    0x7c  Code  Lc  diskio.o [1]
remove_chain            0x00009bc1    0x72  Code  Lc  ff.o [1]
set_irq_priority        0x00003d2f    0x2a  Code  Gb  arm_cm4.o [1]
set_sys_dividers        0x1fff0569    0x50  Code  Gb  mcg.o [1]
start                   0x0000ffdd   0x12e  Code  Gb  start.o [1]
strlen                  0x00004395    0x20  Code  Gb  stdlib.o [1]
sync                    0x000098ab    0xd8  Code  Lc  ff.o [1]
sysinit                 0x000105f5    0x60  Code  Gb  sysinit.o [1]
time_delay_ms           0x0000ba95    0x32  Code  Gb  lptmr.o [1]
uart_init               0x0000fdd1   0x1ac  Code  Gb  uart.o [1]
uart_putchar            0x0000ff7d    0x1a  Code  Gb  uart.o [1]
validate                0x0000a66b    0x30  Code  Lc  ff.o [1]
wdog_disable            0x000104fd    0x16  Code  Gb  wdog.o [1]
wdog_unlock             0x00010515    0x16  Code  Gb  wdog.o [1]
write_vtor              0x00003c25     0x6  Code  Gb  arm_cm4.o [1]
xmit_datablock          0x0000afc3    0x5e  Code  Lc  diskio.o [1]


[1] = D:\十一届\信标程序\总决赛\My boy_A Blue\build\Kinetis_K60\Debug\Obj
[2] = command line
[3] = dl7M_tln.a
[4] = m7M_tl.a
[5] = rt7M_tl.a
[6] = shb_l.a

  62 040 bytes of readonly  code memory
     424 bytes of readwrite code memory
  11 560 bytes of readonly  data memory
  39 158 bytes of readwrite data memory

Errors: 1
Warnings: none
